// Jest Snapshot v1, https://goo.gl/fbAQLP

exports[`matches snapshot 1`] = `
<DocumentFragment>
  <div>
    <div
      class="Boxlist"
      data-testid="Boxlist"
    />
    <div
      class="NewBoxForm"
    >
      <form>
        <label
          for="height"
        >
          HEIGHT
        </label>
        <input
          id="height"
          name="height"
          type="text"
          value=""
        />
        <label
          for="width"
        >
          WIDTH
        </label>
        <input
          id="width"
          name="width"
          type="text"
          value=""
        />
        <label
          for="backgroundColor"
        >
          BACKGROUND COLOR
        </label>
        <input
          id="backgroundColor"
          name="backgroundColor"
          type="text"
          value=""
        />
        <input
          type="submit"
          value="Create Box"
        />
      </form>
    </div>
  </div>
</DocumentFragment>
`;
